{"level":"info","message":"🚀 Server running on port 3001","timestamp":"2026-05-25 15:00:32"}
{"level":"info","message":"📊 Environment: development","timestamp":"2026-05-25 15:00:32"}
{"level":"info","message":"🔗 API Base: http://localhost:3001/api/v1","timestamp":"2026-05-25 15:00:32"}
{"level":"info","message":"💊 Health Check: http://localhost:3001/api/v1/health","timestamp":"2026-05-25 15:00:32"}
{"ip":"::1","level":"info","message":"Incoming request: GET /api/v1/health","method":"GET","requestId":"21da1772-22a2-41cc-b467-46f8b15b5f50","timestamp":"2026-05-25 15:01:12","url":"/api/v1/health","userAgent":"curl/8.7.1","userId":null}
{"level":"info","message":"::1 - - [25/May/2026:07:01:12 +0000] \"GET /api/v1/health HTTP/1.1\" 200 119 \"-\" \"curl/8.7.1\"","timestamp":"2026-05-25 15:01:12"}
{"duration":15,"level":"info","message":"Request completed: GET /api/v1/health 200 (15ms)","method":"GET","requestId":"21da1772-22a2-41cc-b467-46f8b15b5f50","statusCode":200,"timestamp":"2026-05-25 15:01:12","url":"/api/v1/health","userId":null}
{"ip":"::1","level":"info","message":"Incoming request: POST /api/v1/auth/login","method":"POST","requestId":"4b0b9ca8-7a4c-4593-908a-c59462880541","timestamp":"2026-05-25 15:01:40","url":"/api/v1/auth/login","userAgent":"curl/8.7.1","userId":null}
{"level":"info","message":"::1 - - [25/May/2026:07:01:40 +0000] \"POST /api/v1/auth/login HTTP/1.1\" 400 231 \"-\" \"curl/8.7.1\"","timestamp":"2026-05-25 15:01:40"}
{"duration":6,"level":"info","message":"Request completed: POST /api/v1/auth/login 400 (6ms)","method":"POST","requestId":"4b0b9ca8-7a4c-4593-908a-c59462880541","statusCode":400,"timestamp":"2026-05-25 15:01:40","url":"/api/v1/auth/login","userId":null}
{"ip":"::1","level":"info","message":"Incoming request: POST /api/v1/auth/login","method":"POST","requestId":"ef010a1a-5bd1-4d4f-bf79-baa0892d1378","timestamp":"2026-05-25 15:02:34","url":"/api/v1/auth/login","userAgent":"curl/8.7.1","userId":null}
{"action":"LOGIN","changeSummary":"User logged in with role THEATER_MANAGER","entityId":"9ee32a87-3f40-4df2-819e-77df636cf963","entityType":"User","level":"info","message":"Audit log: LOGIN on User 9ee32a87-3f40-4df2-819e-77df636cf963 by user 9ee32a87-3f40-4df2-819e-77df636cf963","timestamp":"2026-05-25 15:02:35","userId":"9ee32a87-3f40-4df2-819e-77df636cf963"}
{"level":"info","message":"::1 - - [25/May/2026:07:02:35 +0000] \"POST /api/v1/auth/login HTTP/1.1\" 200 543 \"-\" \"curl/8.7.1\"","timestamp":"2026-05-25 15:02:35"}
{"duration":107,"level":"info","message":"Request completed: POST /api/v1/auth/login 200 (107ms)","method":"POST","requestId":"ef010a1a-5bd1-4d4f-bf79-baa0892d1378","statusCode":200,"timestamp":"2026-05-25 15:02:35","url":"/api/v1/auth/login","userId":null}
{"ip":"::1","level":"info","message":"Incoming request: GET /api/v1/schedules?page=1&pageSize=10","method":"GET","requestId":"2277235f-3ce1-4bc7-9f7a-fcb896f450f8","timestamp":"2026-05-25 15:03:03","url":"/api/v1/schedules?page=1&pageSize=10","userAgent":"curl/8.7.1","userId":null}
{"level":"info","message":"::1 - - [25/May/2026:07:03:03 +0000] \"GET /api/v1/schedules?page=1&pageSize=10 HTTP/1.1\" 200 2611 \"-\" \"curl/8.7.1\"","timestamp":"2026-05-25 15:03:03"}
{"duration":10,"level":"info","message":"Request completed: GET /api/v1/schedules?page=1&pageSize=10 200 (10ms)","method":"GET","requestId":"2277235f-3ce1-4bc7-9f7a-fcb896f450f8","statusCode":200,"timestamp":"2026-05-25 15:03:03","url":"/api/v1/schedules?page=1&pageSize=10","userId":"9ee32a87-3f40-4df2-819e-77df636cf963"}
{"ip":"::1","level":"info","message":"Incoming request: GET /api/v1/equipment?page=1&pageSize=5","method":"GET","requestId":"d606fafd-0ef4-4b84-a738-d488356e81c1","timestamp":"2026-05-25 15:03:34","url":"/api/v1/equipment?page=1&pageSize=5","userAgent":"curl/8.7.1","userId":null}
{"level":"info","message":"::1 - - [25/May/2026:07:03:34 +0000] \"GET /api/v1/equipment?page=1&pageSize=5 HTTP/1.1\" 200 1692 \"-\" \"curl/8.7.1\"","timestamp":"2026-05-25 15:03:34"}
{"duration":9,"level":"info","message":"Request completed: GET /api/v1/equipment?page=1&pageSize=5 200 (9ms)","method":"GET","requestId":"d606fafd-0ef4-4b84-a738-d488356e81c1","statusCode":200,"timestamp":"2026-05-25 15:03:34","url":"/api/v1/equipment?page=1&pageSize=5","userId":"9ee32a87-3f40-4df2-819e-77df636cf963"}
{"ip":"::1","level":"info","message":"Incoming request: GET /api/health","method":"GET","requestId":"e21d0bbf-d44d-406d-8e44-9ae57cbb3bde","timestamp":"2026-05-25 15:11:12","url":"/api/health","userAgent":"curl/8.7.1","userId":null}
{"level":"info","message":"::1 - - [25/May/2026:07:11:12 +0000] \"GET /api/health HTTP/1.1\" 404 195 \"-\" \"curl/8.7.1\"","timestamp":"2026-05-25 15:11:12"}
{"duration":5,"level":"info","message":"Request completed: GET /api/health 404 (5ms)","method":"GET","requestId":"e21d0bbf-d44d-406d-8e44-9ae57cbb3bde","statusCode":404,"timestamp":"2026-05-25 15:11:12","url":"/api/health","userId":null}
{"level":"info","message":"🚀 Server running on port 3001","timestamp":"2026-05-25 15:24:52"}
{"level":"info","message":"📊 Environment: development","timestamp":"2026-05-25 15:24:52"}
{"level":"info","message":"🔗 API Base: http://localhost:3001/api/v1","timestamp":"2026-05-25 15:24:52"}
{"level":"info","message":"💊 Health Check: http://localhost:3001/api/v1/health","timestamp":"2026-05-25 15:24:52"}
{"ip":"::1","level":"info","message":"Incoming request: POST /api/v1/auth/login","method":"POST","requestId":"1ba51e21-1ba8-41d7-878e-9df3f7a233d1","timestamp":"2026-05-25 15:27:18","url":"/api/v1/auth/login","userAgent":"curl/8.7.1","userId":null}
{"action":"LOGIN","changeSummary":"User logged in with role THEATER_MANAGER","entityId":"9ee32a87-3f40-4df2-819e-77df636cf963","entityType":"User","level":"info","message":"Audit log: LOGIN on User 9ee32a87-3f40-4df2-819e-77df636cf963 by user 9ee32a87-3f40-4df2-819e-77df636cf963","timestamp":"2026-05-25 15:27:18","userId":"9ee32a87-3f40-4df2-819e-77df636cf963"}
{"level":"info","message":"::1 - - [25/May/2026:07:27:18 +0000] \"POST /api/v1/auth/login HTTP/1.1\" 200 543 \"-\" \"curl/8.7.1\"","timestamp":"2026-05-25 15:27:18"}
{"duration":116,"level":"info","message":"Request completed: POST /api/v1/auth/login 200 (116ms)","method":"POST","requestId":"1ba51e21-1ba8-41d7-878e-9df3f7a233d1","statusCode":200,"timestamp":"2026-05-25 15:27:18","url":"/api/v1/auth/login","userId":null}
{"ip":"::1","level":"info","message":"Incoming request: GET /api/v1/auth/me","method":"GET","requestId":"b137baf4-d103-494a-b614-bd8c20d8b234","timestamp":"2026-05-25 15:29:46","url":"/api/v1/auth/me","userAgent":"curl/8.7.1","userId":null}
{"level":"info","message":"::1 - - [25/May/2026:07:29:46 +0000] \"GET /api/v1/auth/me HTTP/1.1\" 200 222 \"-\" \"curl/8.7.1\"","timestamp":"2026-05-25 15:29:46"}
{"duration":13,"level":"info","message":"Request completed: GET /api/v1/auth/me 200 (13ms)","method":"GET","requestId":"b137baf4-d103-494a-b614-bd8c20d8b234","statusCode":200,"timestamp":"2026-05-25 15:29:46","url":"/api/v1/auth/me","userId":"9ee32a87-3f40-4df2-819e-77df636cf963"}
{"ip":"::1","level":"info","message":"Incoming request: GET /api/v1/equipment/borrows?page=1&pageSize=5","method":"GET","requestId":"a2b0f2b6-96e5-4e9c-8814-1094e5eed1eb","timestamp":"2026-05-25 15:29:46","url":"/api/v1/equipment/borrows?page=1&pageSize=5","userAgent":"curl/8.7.1","userId":null}
{"level":"info","message":"::1 - - [25/May/2026:07:29:46 +0000] \"GET /api/v1/equipment/borrows?page=1&pageSize=5 HTTP/1.1\" 200 3373 \"-\" \"curl/8.7.1\"","timestamp":"2026-05-25 15:29:46"}
{"duration":8,"level":"info","message":"Request completed: GET /api/v1/equipment/borrows?page=1&pageSize=5 200 (8ms)","method":"GET","requestId":"a2b0f2b6-96e5-4e9c-8814-1094e5eed1eb","statusCode":200,"timestamp":"2026-05-25 15:29:46","url":"/api/v1/equipment/borrows?page=1&pageSize=5","userId":"9ee32a87-3f40-4df2-819e-77df636cf963"}
{"ip":"::1","level":"info","message":"Incoming request: GET /api/v1/reviews/issues?page=1&pageSize=5","method":"GET","requestId":"2ba3ca18-8e83-42f1-8241-7fde6e6ef852","timestamp":"2026-05-25 15:29:46","url":"/api/v1/reviews/issues?page=1&pageSize=5","userAgent":"curl/8.7.1","userId":null}
{"level":"info","message":"::1 - - [25/May/2026:07:29:46 +0000] \"GET /api/v1/reviews/issues?page=1&pageSize=5 HTTP/1.1\" 200 2006 \"-\" \"curl/8.7.1\"","timestamp":"2026-05-25 15:29:46"}
{"duration":5,"level":"info","message":"Request completed: GET /api/v1/reviews/issues?page=1&pageSize=5 200 (5ms)","method":"GET","requestId":"2ba3ca18-8e83-42f1-8241-7fde6e6ef852","statusCode":200,"timestamp":"2026-05-25 15:29:46","url":"/api/v1/reviews/issues?page=1&pageSize=5","userId":"9ee32a87-3f40-4df2-819e-77df636cf963"}
{"ip":"::1","level":"info","message":"Incoming request: POST /api/v1/auth/switch-role","method":"POST","requestId":"eec98005-f824-4419-a3db-accd4bb19382","timestamp":"2026-05-25 15:34:04","url":"/api/v1/auth/switch-role","userAgent":"curl/8.7.1","userId":null}
{"action":"STATUS_CHANGE","changeSummary":"Switched role to TICKET_SUPERVISOR","entityId":"9ee32a87-3f40-4df2-819e-77df636cf963","entityType":"User","level":"info","message":"Audit log: STATUS_CHANGE on User 9ee32a87-3f40-4df2-819e-77df636cf963 by user 9ee32a87-3f40-4df2-819e-77df636cf963","timestamp":"2026-05-25 15:34:04","userId":"9ee32a87-3f40-4df2-819e-77df636cf963"}
{"level":"info","message":"::1 - - [25/May/2026:07:34:04 +0000] \"POST /api/v1/auth/switch-role HTTP/1.1\" 200 558 \"-\" \"curl/8.7.1\"","timestamp":"2026-05-25 15:34:04"}
{"duration":19,"level":"info","message":"Request completed: POST /api/v1/auth/switch-role 200 (19ms)","method":"POST","requestId":"eec98005-f824-4419-a3db-accd4bb19382","statusCode":200,"timestamp":"2026-05-25 15:34:04","url":"/api/v1/auth/switch-role","userId":"9ee32a87-3f40-4df2-819e-77df636cf963"}
{"ip":"::1","level":"info","message":"Incoming request: GET /api/v1/auth/me","method":"GET","requestId":"4138bd5a-de25-4b02-a110-cd121bdb238c","timestamp":"2026-05-25 15:35:09","url":"/api/v1/auth/me","userAgent":"curl/8.7.1","userId":null}
{"level":"info","message":"::1 - - [25/May/2026:07:35:09 +0000] \"GET /api/v1/auth/me HTTP/1.1\" 200 224 \"-\" \"curl/8.7.1\"","timestamp":"2026-05-25 15:35:09"}
{"duration":4,"level":"info","message":"Request completed: GET /api/v1/auth/me 200 (4ms)","method":"GET","requestId":"4138bd5a-de25-4b02-a110-cd121bdb238c","statusCode":200,"timestamp":"2026-05-25 15:35:09","url":"/api/v1/auth/me","userId":"9ee32a87-3f40-4df2-819e-77df636cf963"}
{"ip":"::1","level":"info","message":"Incoming request: PUT /api/v1/schedules/sch-001","method":"PUT","requestId":"fb6a655b-6a64-4c1e-a975-40346dc8f48b","timestamp":"2026-05-25 15:36:04","url":"/api/v1/schedules/sch-001","userAgent":"curl/8.7.1","userId":null}
{"level":"info","message":"::1 - - [25/May/2026:07:36:04 +0000] \"PUT /api/v1/schedules/sch-001 HTTP/1.1\" 400 230 \"-\" \"curl/8.7.1\"","timestamp":"2026-05-25 15:36:04"}
{"duration":6,"level":"info","message":"Request completed: PUT /api/v1/schedules/sch-001 400 (6ms)","method":"PUT","requestId":"fb6a655b-6a64-4c1e-a975-40346dc8f48b","statusCode":400,"timestamp":"2026-05-25 15:36:04","url":"/api/v1/schedules/sch-001","userId":"9ee32a87-3f40-4df2-819e-77df636cf963"}
{"ip":"::1","level":"info","message":"Incoming request: GET /api/v1/schedules?page=1&pageSize=2","method":"GET","requestId":"7ce50058-3a12-4821-a779-dde4c768e428","timestamp":"2026-05-25 15:36:56","url":"/api/v1/schedules?page=1&pageSize=2","userAgent":"curl/8.7.1","userId":null}
{"level":"info","message":"::1 - - [25/May/2026:07:36:56 +0000] \"GET /api/v1/schedules?page=1&pageSize=2 HTTP/1.1\" 200 1327 \"-\" \"curl/8.7.1\"","timestamp":"2026-05-25 15:36:56"}
{"duration":3,"level":"info","message":"Request completed: GET /api/v1/schedules?page=1&pageSize=2 200 (3ms)","method":"GET","requestId":"7ce50058-3a12-4821-a779-dde4c768e428","statusCode":200,"timestamp":"2026-05-25 15:36:56","url":"/api/v1/schedules?page=1&pageSize=2","userId":"9ee32a87-3f40-4df2-819e-77df636cf963"}
{"ip":"::1","level":"info","message":"Incoming request: PUT /api/v1/schedules/sch-004","method":"PUT","requestId":"7344312f-14e7-439a-ab35-4d7955e9deff","timestamp":"2026-05-25 15:39:11","url":"/api/v1/schedules/sch-004","userAgent":"curl/8.7.1","userId":null}
{"level":"info","message":"::1 - - [25/May/2026:07:39:11 +0000] \"PUT /api/v1/schedules/sch-004 HTTP/1.1\" 400 230 \"-\" \"curl/8.7.1\"","timestamp":"2026-05-25 15:39:11"}
{"duration":3,"level":"info","message":"Request completed: PUT /api/v1/schedules/sch-004 400 (3ms)","method":"PUT","requestId":"7344312f-14e7-439a-ab35-4d7955e9deff","statusCode":400,"timestamp":"2026-05-25 15:39:11","url":"/api/v1/schedules/sch-004","userId":"9ee32a87-3f40-4df2-819e-77df636cf963"}
{"level":"info","message":"🚀 Server running on port 3001","timestamp":"2026-05-25 15:40:52"}
{"level":"info","message":"📊 Environment: development","timestamp":"2026-05-25 15:40:52"}
{"level":"info","message":"🔗 API Base: http://localhost:3001/api/v1","timestamp":"2026-05-25 15:40:52"}
{"level":"info","message":"💊 Health Check: http://localhost:3001/api/v1/health","timestamp":"2026-05-25 15:40:52"}
{"ip":"::1","level":"info","message":"Incoming request: PUT /api/v1/schedules/sch-004","method":"PUT","requestId":"e33dae2f-e37a-460c-8782-5712d4d776c1","timestamp":"2026-05-25 15:41:52","url":"/api/v1/schedules/sch-004","userAgent":"curl/8.7.1","userId":null}
{"level":"info","message":"::1 - - [25/May/2026:07:41:52 +0000] \"PUT /api/v1/schedules/sch-004 HTTP/1.1\" 422 267 \"-\" \"curl/8.7.1\"","timestamp":"2026-05-25 15:41:52"}
{"duration":13,"level":"info","message":"Request completed: PUT /api/v1/schedules/sch-004 422 (13ms)","method":"PUT","requestId":"e33dae2f-e37a-460c-8782-5712d4d776c1","statusCode":422,"timestamp":"2026-05-25 15:41:52","url":"/api/v1/schedules/sch-004","userId":"9ee32a87-3f40-4df2-819e-77df636cf963"}
{"ip":"::1","level":"info","message":"Incoming request: POST /api/v1/remarks","method":"POST","requestId":"9ea5ef7d-397a-4f01-96e1-7ef29309c5f4","timestamp":"2026-05-25 15:50:32","url":"/api/v1/remarks","userAgent":"curl/8.7.1","userId":null}
{"level":"info","message":"::1 - - [25/May/2026:07:50:32 +0000] \"POST /api/v1/remarks HTTP/1.1\" 404 200 \"-\" \"curl/8.7.1\"","timestamp":"2026-05-25 15:50:32"}
{"duration":2,"level":"info","message":"Request completed: POST /api/v1/remarks 404 (2ms)","method":"POST","requestId":"9ea5ef7d-397a-4f01-96e1-7ef29309c5f4","statusCode":404,"timestamp":"2026-05-25 15:50:32","url":"/api/v1/remarks","userId":null}
{"ip":"::1","level":"info","message":"Incoming request: POST /api/v1/remarks","method":"POST","requestId":"c5f88041-1a8e-46be-8f9b-6ac6a8af4a1a","timestamp":"2026-05-25 15:50:32","url":"/api/v1/remarks","userAgent":"curl/8.7.1","userId":null}
{"level":"info","message":"::1 - - [25/May/2026:07:50:32 +0000] \"POST /api/v1/remarks HTTP/1.1\" 404 200 \"-\" \"curl/8.7.1\"","timestamp":"2026-05-25 15:50:32"}
{"duration":1,"level":"info","message":"Request completed: POST /api/v1/remarks 404 (1ms)","method":"POST","requestId":"c5f88041-1a8e-46be-8f9b-6ac6a8af4a1a","statusCode":404,"timestamp":"2026-05-25 15:50:32","url":"/api/v1/remarks","userId":null}
{"ip":"::1","level":"info","message":"Incoming request: POST /api/v1/remarks/invalid_type/sch-004","method":"POST","requestId":"1b9179ff-98ca-4943-aeb1-b69e50bffd68","timestamp":"2026-05-25 15:55:22","url":"/api/v1/remarks/invalid_type/sch-004","userAgent":"curl/8.7.1","userId":null}
{"level":"info","message":"::1 - - [25/May/2026:07:55:22 +0000] \"POST /api/v1/remarks/invalid_type/sch-004 HTTP/1.1\" 422 271 \"-\" \"curl/8.7.1\"","timestamp":"2026-05-25 15:55:22"}
{"duration":4,"level":"info","message":"Request completed: POST /api/v1/remarks/invalid_type/sch-004 422 (4ms)","method":"POST","requestId":"1b9179ff-98ca-4943-aeb1-b69e50bffd68","statusCode":422,"timestamp":"2026-05-25 15:55:22","url":"/api/v1/remarks/invalid_type/sch-004","userId":"9ee32a87-3f40-4df2-819e-77df636cf963"}
{"ip":"::1","level":"info","message":"Incoming request: POST /api/v1/remarks/schedule/sch-004","method":"POST","requestId":"fa48a543-0892-4b43-aeee-001bb5debadd","timestamp":"2026-05-25 15:55:22","url":"/api/v1/remarks/schedule/sch-004","userAgent":"curl/8.7.1","userId":null}
{"action":"REMARK","changeSummary":"Added remark","entityId":"sch-004","entityType":"Schedule","level":"info","message":"Audit log: REMARK on Schedule sch-004 by user 9ee32a87-3f40-4df2-819e-77df636cf963","timestamp":"2026-05-25 15:55:22","userId":"9ee32a87-3f40-4df2-819e-77df636cf963"}
{"level":"info","message":"Remark added to schedule sch-004 by user 9ee32a87-3f40-4df2-819e-77df636cf963","timestamp":"2026-05-25 15:55:22"}
{"level":"info","message":"::1 - - [25/May/2026:07:55:22 +0000] \"POST /api/v1/remarks/schedule/sch-004 HTTP/1.1\" 201 508 \"-\" \"curl/8.7.1\"","timestamp":"2026-05-25 15:55:22"}
{"duration":7,"level":"info","message":"Request completed: POST /api/v1/remarks/schedule/sch-004 201 (7ms)","method":"POST","requestId":"fa48a543-0892-4b43-aeee-001bb5debadd","statusCode":201,"timestamp":"2026-05-25 15:55:22","url":"/api/v1/remarks/schedule/sch-004","userId":"9ee32a87-3f40-4df2-819e-77df636cf963"}
{"level":"info","message":"🚀 Server running on port 3001","timestamp":"2026-05-25 17:22:01"}
{"level":"info","message":"📊 Environment: development","timestamp":"2026-05-25 17:22:01"}
{"level":"info","message":"🔗 API Base: http://localhost:3001/api/v1","timestamp":"2026-05-25 17:22:01"}
{"level":"info","message":"💊 Health Check: http://localhost:3001/api/v1/health","timestamp":"2026-05-25 17:22:01"}
{"ip":"::1","level":"info","message":"Incoming request: GET /api/health","method":"GET","requestId":"c264cc58-3b0d-45be-be21-7d36799b2ba3","timestamp":"2026-05-25 17:26:08","url":"/api/health","userAgent":"curl/8.7.1","userId":null}
{"level":"info","message":"::1 - - [25/May/2026:09:26:08 +0000] \"GET /api/health HTTP/1.1\" 404 195 \"-\" \"curl/8.7.1\"","timestamp":"2026-05-25 17:26:08"}
{"duration":5,"level":"info","message":"Request completed: GET /api/health 404 (5ms)","method":"GET","requestId":"c264cc58-3b0d-45be-be21-7d36799b2ba3","statusCode":404,"timestamp":"2026-05-25 17:26:08","url":"/api/health","userId":null}
